A5 ext of index-2 over socle, |G| = 60: fails (ok)
A5 ext of index-1 over socle, |G| = 120: fails (ok)
L2_7 ext of index-2 over socle, |G| = 168: fails (ok)
L2_7 ext of index-1 over socle, |G| = 336: fails (ok)
A6 ext of index-4 over socle, |G| = 360: fails (ok)
A6 ext of index-2 over socle, |G| = 720: fails (ok)
A6 ext of index-2 over socle, |G| = 720: fails (ok)
A6 ext of index-2 over socle, |G| = 720: fails (ok)
A6 ext of index-1 over socle, |G| = 1440: fails (ok)
L2_8 ext of index-3 over socle, |G| = 504: fails (ok)
L2_8 ext of index-1 over socle, |G| = 1512: fails (ok)
L2_11 ext of index-2 over socle, |G| = 660: fails (ok)
L2_11 ext of index-1 over socle, |G| = 1320: fails (ok)
L2_13 ext of index-2 over socle, |G| = 1092: fails (ok)
L2_13 ext of index-1 over socle, |G| = 2184: fails (ok)
L2_17 ext of index-2 over socle, |G| = 2448: fails (ok)
L2_17 ext of index-1 over socle, |G| = 4896: fails (ok)
A7 ext of index-2 over socle, |G| = 2520: fails (ok)
A7 ext of index-1 over socle, |G| = 5040: fails (ok)
L2_19 ext of index-2 over socle, |G| = 3420: fails (ok)
L2_19 ext of index-1 over socle, |G| = 6840: fails (ok)
L2_16 ext of index-4 over socle, |G| = 4080: fails (ok)
L2_16 ext of index-2 over socle, |G| = 8160: fails (ok)
L2_16 ext of index-1 over socle, |G| = 16320: fails (ok)
L3_3 ext of index-2 over socle, |G| = 5616: fails (ok)
L3_3 ext of index-1 over socle, |G| = 11232: fails (ok)
U3_3 ext of index-2 over socle, |G| = 6048: fails (ok)
U3_3 ext of index-1 over socle, |G| = 12096: fails (ok)
L2_23 ext of index-2 over socle, |G| = 6072: fails (ok)
L2_23 ext of index-1 over socle, |G| = 12144: fails (ok)
L2_25 ext of index-4 over socle, |G| = 7800: fails (ok)
L2_25 ext of index-2 over socle, |G| = 15600: fails (ok)
L2_25 ext of index-2 over socle, |G| = 15600: fails (ok)
L2_25 ext of index-2 over socle, |G| = 15600: fails (ok)
L2_25 ext of index-1 over socle, |G| = 31200: fails (ok)
M11 ext of index-1 over socle, |G| = 7920: fails (ok)
L2_27 ext of index-6 over socle, |G| = 9828: fails (ok)
L2_27 ext of index-3 over socle, |G| = 19656: fails (ok)
L2_27 ext of index-2 over socle, |G| = 29484: fails (ok)
L2_27 ext of index-1 over socle, |G| = 58968: fails (ok)
L2_29 ext of index-2 over socle, |G| = 12180: fails (ok)
L2_29 ext of index-1 over socle, |G| = 24360: fails (ok)
L2_31 ext of index-2 over socle, |G| = 14880: fails (ok)
L2_31 ext of index-1 over socle, |G| = 29760: fails (ok)
A8 ext of index-2 over socle, |G| = 20160: fails (ok)
A8 ext of index-1 over socle, |G| = 40320: fails (ok)
L3_4 ext of index-12 over socle, |G| = 20160: fails (ok)
L3_4 ext of index-6 over socle, |G| = 40320: fails (ok)
L3_4 ext of index-6 over socle, |G| = 40320: fails (ok)
L3_4 ext of index-6 over socle, |G| = 40320: fails (ok)
L3_4 ext of index-4 over socle, |G| = 60480: fails (ok)
L3_4 ext of index-3 over socle, |G| = 80640: fails (ok)
L3_4 ext of index-2 over socle, |G| = 120960: fails (ok)
L3_4 ext of index-2 over socle, |G| = 120960: fails (ok)
L3_4 ext of index-2 over socle, |G| = 120960: fails (ok)
L3_4 ext of index-1 over socle, |G| = 241920: fails (ok)
SWEEP D DONE.
