ENV|gap=4.16.0|ctbllib=1.3.11|atlasrep=2.1.11|csetgrp_sha256=3e7a00ef8730f6c058213db2f13c076565603ea2467e04aeea756e4afcb76b9f|rng_seed=1034
### HJ: |S| = 604800 = [ [ 2, 7 ], [ 3, 3 ], [ 5, 2 ], [ 7, 1 ] ], |Out| = 2, maximal classes [ 6048, 2160, 1920, 1152, 720, 600, 336, 300, 60 ]
SOCLE|group=HJ|order=604800|order_factors_sha256=4c35f7337bbc07ad0c7af37199c4dcb77670e4cb4859883c3874da746fe68562|P=1209600|out=2|faithful=true|simple=true
XCASE|group=HJ|out=2|xclass=1|xclass_sha256=8ac089c667a139c4963ed32cd715173f845f4a3fcded15bfa3f6495260ed966a|x=1|xstructure=1|xconjugates=1|result=EXCLUDED
    X/Inn = 1 (x=1, conjugates=1): ALL k >= 2 EXCLUDED via (|U|,|V|,p,d) = [ 2160, 300, 2, 1 ]
CERT|kind=maximal|group=HJ|s=604800|out=2|xclass=1|x=1|xclass_sha256=8ac089c667a139c4963ed32cd715173f845f4a3fcded15bfa3f6495260ed966a|xstructure=1|xconjugates=1|uclass=2|u=2160|ufp=class=2,order=2160,index=280,normalizer=2160,class_sha256=01d3779a7e70d5c282996d350b0482fea1b14aa1c2a62ce6dae02dc3a4051fb7|vclass=8|v=300|vfp=class=8,order=300,index=2016,normalizer=300,class_sha256=c2364eec722b0003869bfedf2eee54a84c146364da0dda29049682179ac27914|p=2|d=1|vpx=0|result=PASS
XCASE|group=HJ|out=2|xclass=2|xclass_sha256=8ebeaa147168578f0a28569293b52ef8375d7a75e85b60c942ad848a1f9b31c3|x=2|xstructure=C2|xconjugates=1|result=EXCLUDED
    X/Inn = C2 (x=2, conjugates=1): ALL k >= 2 EXCLUDED via (|U|,|V|,p,d) = [ 600, 300, 2, 2 ]
CERT|kind=maximal|group=HJ|s=604800|out=2|xclass=2|x=2|xclass_sha256=8ebeaa147168578f0a28569293b52ef8375d7a75e85b60c942ad848a1f9b31c3|xstructure=C2|xconjugates=1|uclass=6|u=600|ufp=class=6,order=600,index=1008,normalizer=600,class_sha256=65c3fdc6e63723b25abb750424872845001bae83a4a56ddf5bda34718e2c47ba|vclass=8|v=300|vfp=class=8,order=300,index=2016,normalizer=300,class_sha256=c2364eec722b0003869bfedf2eee54a84c146364da0dda29049682179ac27914|p=2|d=2|vpx=1|result=PASS
    ==> HJ^k EXCLUDED FOR ALL k >= 2 AND ALL X.
### O(5,4): |S| = 979200 = [ [ 2, 8 ], [ 3, 2 ], [ 5, 2 ], [ 17, 1 ] ], |Out| = 4, maximal classes [ 11520, 11520, 8160, 8160, 7200, 7200, 720 ]
SOCLE|group=O(5,4)|order=979200|order_factors_sha256=22bbe5cf735651aa0c160daf526d7fb5527eb6ee4eeff4b8528a5046b83a741c|P=3916800|out=4|faithful=true|simple=true
XCASE|group=O(5,4)|out=4|xclass=1|xclass_sha256=c66fd65626f94a68a7696c26f6dcd95c5b9434b66d2d2459058561491a5ff4f4|x=1|xstructure=1|xconjugates=1|result=EXCLUDED
    X/Inn = 1 (x=1, conjugates=1): ALL k >= 2 EXCLUDED via (|U|,|V|,p,d) = [ 11520, 11520, 17, 1 ]
CERT|kind=maximal|group=O(5,4)|s=979200|out=4|xclass=1|x=1|xclass_sha256=c66fd65626f94a68a7696c26f6dcd95c5b9434b66d2d2459058561491a5ff4f4|xstructure=1|xconjugates=1|uclass=1|u=11520|ufp=class=1,order=11520,index=85,normalizer=11520,class_sha256=10243dd4dcef120fa5b46f4ad843ce0c94045af90ec245fb17f2d1762bd3cb83|vclass=2|v=11520|vfp=class=2,order=11520,index=85,normalizer=11520,class_sha256=027e328e35bf09ccc069edc53aaf60710c3615c6cb7118ba7f6152620298df52|p=17|d=1|vpx=0|result=PASS
XCASE|group=O(5,4)|out=4|xclass=2|xclass_sha256=ec35f8a57a2c44d391ac7e7e7b92c9deef0ef0890784b786f24e2a42c28f3c5a|x=2|xstructure=C2|xconjugates=1|result=EXCLUDED
    X/Inn = C2 (x=2, conjugates=1): ALL k >= 2 EXCLUDED via (|U|,|V|,p,d) = [ 11520, 11520, 17, 1 ]
CERT|kind=maximal|group=O(5,4)|s=979200|out=4|xclass=2|x=2|xclass_sha256=ec35f8a57a2c44d391ac7e7e7b92c9deef0ef0890784b786f24e2a42c28f3c5a|xstructure=C2|xconjugates=1|uclass=1|u=11520|ufp=class=1,order=11520,index=85,normalizer=11520,class_sha256=10243dd4dcef120fa5b46f4ad843ce0c94045af90ec245fb17f2d1762bd3cb83|vclass=2|v=11520|vfp=class=2,order=11520,index=85,normalizer=11520,class_sha256=027e328e35bf09ccc069edc53aaf60710c3615c6cb7118ba7f6152620298df52|p=17|d=1|vpx=0|result=PASS
XCASE|group=O(5,4)|out=4|xclass=3|xclass_sha256=65aac87cbe92abc08cd0cbad5c5d64bcd24c03db224229a3a82c7e44cad14552|x=4|xstructure=C4|xconjugates=1|result=SURVIVES
    X/Inn = C4 (x=4, conjugates=1): NOT all-k excluded; stable classes [ [ 7, 720 ] ]; k<=30 excluded: [  ]
    ==> O(5,4) SURVIVES for X with x in [ 3 ]
### O(7,2): |S| = 1451520 = [ [ 2, 9 ], [ 3, 4 ], [ 5, 1 ], [ 7, 1 ] ], |Out| = 1, maximal classes [ 51840, 40320, 23040, 12096, 10752, 4608, 4320, 1512 ]
SOCLE|group=O(7,2)|order=1451520|order_factors_sha256=7e8576517c888c99e3e7a77be4d26fb704e3896fe580c390cc92ba42213faa5e|P=1451520|out=1|faithful=true|simple=true
XCASE|group=O(7,2)|out=1|xclass=1|xclass_sha256=d1b0689f2ccb0599e04557111f9781b6cd45ab9445623a76dd8ce39d4d156b53|x=1|xstructure=1|xconjugates=1|result=EXCLUDED
    X/Inn = 1 (x=1, conjugates=1): ALL k >= 2 EXCLUDED via (|U|,|V|,p,d) = [ 4320, 1512, 2, 1 ]
CERT|kind=maximal|group=O(7,2)|s=1451520|out=1|xclass=1|x=1|xclass_sha256=d1b0689f2ccb0599e04557111f9781b6cd45ab9445623a76dd8ce39d4d156b53|xstructure=1|xconjugates=1|uclass=7|u=4320|ufp=class=7,order=4320,index=336,normalizer=4320,class_sha256=530860f2c34987029cb15459cdc515560b1fbc93941d616be672367830d7da47|vclass=8|v=1512|vfp=class=8,order=1512,index=960,normalizer=1512,class_sha256=201c4bcdbd490219e59734ef4f3a17e51f76495ce0663f5418318151a9133c06|p=2|d=1|vpx=0|result=PASS
    ==> O(7,2)^k EXCLUDED FOR ALL k >= 2 AND ALL X.
### A10: |S| = 1814400 = [ [ 2, 7 ], [ 3, 4 ], [ 5, 2 ], [ 7, 1 ] ], |Out| = 2, maximal classes [ 8640, 15120, 40320, 181440, 1920, 14400, 720 ]
SOCLE|group=A10|order=1814400|order_factors_sha256=dcf40d3d4d9bb49025402207e510bb05c7f4b08d345c9cab8b9b31cc1387af7c|P=3628800|out=2|faithful=true|simple=true
XCASE|group=A10|out=2|xclass=1|xclass_sha256=cad88ff08abbd87eb9d21db4398415c73a3e9595503fb309941c404e8971e360|x=1|xstructure=1|xconjugates=1|result=EXCLUDED
    X/Inn = 1 (x=1, conjugates=1): ALL k >= 2 EXCLUDED via (|U|,|V|,p,d) = [ 40320, 1920, 3, 1 ]
CERT|kind=maximal|group=A10|s=1814400|out=2|xclass=1|x=1|xclass_sha256=cad88ff08abbd87eb9d21db4398415c73a3e9595503fb309941c404e8971e360|xstructure=1|xconjugates=1|uclass=3|u=40320|ufp=class=3,order=40320,index=45,normalizer=40320,class_sha256=18b4c21e425da6a6bdecec80f4dba619a4b6a3cf328214a024cbf31b9280b04a|vclass=5|v=1920|vfp=class=5,order=1920,index=945,normalizer=1920,class_sha256=620c6409f016a32bbcc809997b794b35c373bea4edb77d70aa33126395b8384b|p=3|d=1|vpx=0|result=PASS
XCASE|group=A10|out=2|xclass=2|xclass_sha256=0538d1093c9d9330a4378f8df5f7efdc7b7bee2d5ad37835b6b7bb07644e8c22|x=2|xstructure=C2|xconjugates=1|result=EXCLUDED
    X/Inn = C2 (x=2, conjugates=1): ALL k >= 2 EXCLUDED via (|U|,|V|,p,d) = [ 40320, 1920, 3, 1 ]
CERT|kind=maximal|group=A10|s=1814400|out=2|xclass=2|x=2|xclass_sha256=0538d1093c9d9330a4378f8df5f7efdc7b7bee2d5ad37835b6b7bb07644e8c22|xstructure=C2|xconjugates=1|uclass=3|u=40320|ufp=class=3,order=40320,index=45,normalizer=40320,class_sha256=18b4c21e425da6a6bdecec80f4dba619a4b6a3cf328214a024cbf31b9280b04a|vclass=5|v=1920|vfp=class=5,order=1920,index=945,normalizer=1920,class_sha256=620c6409f016a32bbcc809997b794b35c373bea4edb77d70aa33126395b8384b|p=3|d=1|vpx=0|result=PASS
    ==> A10^k EXCLUDED FOR ALL k >= 2 AND ALL X.
### PSL(3,7): |S| = 1876896 = [ [ 2, 5 ], [ 3, 2 ], [ 7, 3 ], [ 19, 1 ] ], |Out| = 6, maximal classes [ 32928, 32928, 336, 336, 336, 72, 72, 57 ]
SOCLE|group=PSL(3,7)|order=1876896|order_factors_sha256=a13610d393fd87a47d9d3476a87dfd3f570a205f6008e095aafb7e59c51adb6a|P=11261376|out=6|faithful=true|simple=true
XCASE|group=PSL(3,7)|out=6|xclass=1|xclass_sha256=d297bc14daf5bb7633238509788f9ea2747f704163cef0c39476c2065899dd36|x=1|xstructure=1|xconjugates=1|result=EXCLUDED
    X/Inn = 1 (x=1, conjugates=1): ALL k >= 2 EXCLUDED via (|U|,|V|,p,d) = [ 336, 57, 2, 1 ]
CERT|kind=maximal|group=PSL(3,7)|s=1876896|out=6|xclass=1|x=1|xclass_sha256=d297bc14daf5bb7633238509788f9ea2747f704163cef0c39476c2065899dd36|xstructure=1|xconjugates=1|uclass=3|u=336|ufp=class=3,order=336,index=5586,normalizer=336,class_sha256=f6c9be5aa4d8660c4b6b4c035c52ff6ef6010606010263f70306a6a9a8c54ea6|vclass=8|v=57|vfp=class=8,order=57,index=32928,normalizer=57,class_sha256=59a05493ed801cbc7b399c86ea9f3065ef80067d0502bcaa8f8ccb15f63cec10|p=2|d=1|vpx=0|result=PASS
XCASE|group=PSL(3,7)|out=6|xclass=2|xclass_sha256=7516c0d6b7f122a54c31ac4f3f7df2d1fb0537454ce63ac7ffef4f08bb2680f9|x=2|xstructure=C2|xconjugates=3|result=EXCLUDED
    X/Inn = C2 (x=2, conjugates=3): ALL k >= 2 EXCLUDED via (|U|,|V|,p,d) = [ 72, 57, 2, 2 ]
CERT|kind=maximal|group=PSL(3,7)|s=1876896|out=6|xclass=2|x=2|xclass_sha256=7516c0d6b7f122a54c31ac4f3f7df2d1fb0537454ce63ac7ffef4f08bb2680f9|xstructure=C2|xconjugates=3|uclass=6|u=72|ufp=class=6,order=72,index=26068,normalizer=72,class_sha256=97bead4e15db675839b1b36e368ec456a3a592966c36bd328a0aa61cc1203e19|vclass=8|v=57|vfp=class=8,order=57,index=32928,normalizer=57,class_sha256=59a05493ed801cbc7b399c86ea9f3065ef80067d0502bcaa8f8ccb15f63cec10|p=2|d=2|vpx=1|result=PASS
XCASE|group=PSL(3,7)|out=6|xclass=3|xclass_sha256=c5b97d37e5863a6d7f2d48350221276440b589903f106212897b93831acc73bc|x=3|xstructure=C3|xconjugates=1|result=EXCLUDED
    X/Inn = C3 (x=3, conjugates=1): ALL k >= 2 EXCLUDED via (|U|,|V|,p,d) = [ 72, 57, 2, 2 ]
CERT|kind=maximal|group=PSL(3,7)|s=1876896|out=6|xclass=3|x=3|xclass_sha256=c5b97d37e5863a6d7f2d48350221276440b589903f106212897b93831acc73bc|xstructure=C3|xconjugates=1|uclass=6|u=72|ufp=class=6,order=72,index=26068,normalizer=72,class_sha256=97bead4e15db675839b1b36e368ec456a3a592966c36bd328a0aa61cc1203e19|vclass=8|v=57|vfp=class=8,order=57,index=32928,normalizer=57,class_sha256=59a05493ed801cbc7b399c86ea9f3065ef80067d0502bcaa8f8ccb15f63cec10|p=2|d=2|vpx=0|result=PASS
XCASE|group=PSL(3,7)|out=6|xclass=4|xclass_sha256=0cc49b5d3dbe15a451ddacc68b3dbaf206e1efa0520450cff3bf57cfedfa6c58|x=6|xstructure=S3|xconjugates=1|result=EXCLUDED
    X/Inn = S3 (x=6, conjugates=1): ALL k >= 2 EXCLUDED via (|U|,|V|,p,d) = [ 72, 57, 2, 2 ]
CERT|kind=maximal|group=PSL(3,7)|s=1876896|out=6|xclass=4|x=6|xclass_sha256=0cc49b5d3dbe15a451ddacc68b3dbaf206e1efa0520450cff3bf57cfedfa6c58|xstructure=S3|xconjugates=1|uclass=6|u=72|ufp=class=6,order=72,index=26068,normalizer=72,class_sha256=97bead4e15db675839b1b36e368ec456a3a592966c36bd328a0aa61cc1203e19|vclass=8|v=57|vfp=class=8,order=57,index=32928,normalizer=57,class_sha256=59a05493ed801cbc7b399c86ea9f3065ef80067d0502bcaa8f8ccb15f63cec10|p=2|d=2|vpx=1|result=PASS
    ==> PSL(3,7)^k EXCLUDED FOR ALL k >= 2 AND ALL X.
### PSU(4,3): |S| = 3265920 = [ [ 2, 7 ], [ 3, 6 ], [ 5, 1 ], [ 7, 1 ] ], |Out| = 8, maximal classes [ 29160, 25920, 25920, 20160, 20160, 11664, 6048, 5760, 5760, 2520, 2520, 2520, 2520, 1152, 720, 720 ]
SOCLE|group=PSU(4,3)|order=3265920|order_factors_sha256=c2aa635075c396995037de12afb11f085307c31783f9daff0da1aaa294143601|P=26127360|out=8|faithful=true|simple=true
XCASE|group=PSU(4,3)|out=8|xclass=1|xclass_sha256=9b8f47268311a00785b7050f66f89d0bf66e3574ea7d4ea4b968a58041ce02fb|x=1|xstructure=1|xconjugates=1|result=EXCLUDED
    X/Inn = 1 (x=1, conjugates=1): ALL k >= 2 EXCLUDED via (|U|,|V|,p,d) = [ 29160, 2520, 2, 1 ]
CERT|kind=maximal|group=PSU(4,3)|s=3265920|out=8|xclass=1|x=1|xclass_sha256=9b8f47268311a00785b7050f66f89d0bf66e3574ea7d4ea4b968a58041ce02fb|xstructure=1|xconjugates=1|uclass=1|u=29160|ufp=class=1,order=29160,index=112,normalizer=29160,class_sha256=0102934c4f425a9df51eb98f6d3e447cba0bc036af45ff3dd96585e18cfc2618|vclass=10|v=2520|vfp=class=10,order=2520,index=1296,normalizer=2520,class_sha256=8abe00dcec86f374e46e48e5abd9c712f7a89f9a8acc45987d69ed1296b93dfe|p=2|d=1|vpx=0|result=PASS
XCASE|group=PSU(4,3)|out=8|xclass=2|xclass_sha256=5526f0fa1eff3d422f1af068012e07ccef4c12914ca33bc6b0a4db4c88069e59|x=2|xstructure=C2|xconjugates=1|result=EXCLUDED
    X/Inn = C2 (x=2, conjugates=1): ALL k >= 2 EXCLUDED via (|U|,|V|,p,d) = [ 20160, 6048, 3, 1 ]
CERT|kind=maximal|group=PSU(4,3)|s=3265920|out=8|xclass=2|x=2|xclass_sha256=5526f0fa1eff3d422f1af068012e07ccef4c12914ca33bc6b0a4db4c88069e59|xstructure=C2|xconjugates=1|uclass=4|u=20160|ufp=class=4,order=20160,index=162,normalizer=20160,class_sha256=d34a3e9d739f5f689b640e54569aaeb9e2d75427835836a53d97f6c887fd0be1|vclass=7|v=6048|vfp=class=7,order=6048,index=540,normalizer=6048,class_sha256=d61297cf4ea8d270066702d9e37b91c8e1cecdf223a06d26b4a8f09b4921e9b1|p=3|d=1|vpx=0|result=PASS
XCASE|group=PSU(4,3)|out=8|xclass=3|xclass_sha256=617fe6d9829f489e56df127419cc75e4be0f80d7d8aec4db66e1ac03a4899339|x=2|xstructure=C2|xconjugates=2|result=EXCLUDED
    X/Inn = C2 (x=2, conjugates=2): ALL k >= 2 EXCLUDED via (|U|,|V|,p,d) = [ 6048, 5760, 3, 1 ]
CERT|kind=maximal|group=PSU(4,3)|s=3265920|out=8|xclass=3|x=2|xclass_sha256=617fe6d9829f489e56df127419cc75e4be0f80d7d8aec4db66e1ac03a4899339|xstructure=C2|xconjugates=2|uclass=7|u=6048|ufp=class=7,order=6048,index=540,normalizer=6048,class_sha256=d61297cf4ea8d270066702d9e37b91c8e1cecdf223a06d26b4a8f09b4921e9b1|vclass=8|v=5760|vfp=class=8,order=5760,index=567,normalizer=5760,class_sha256=486d01a92c5130513d384354da0c4a79a77176d838a5468249e11c2be8f2fe74|p=3|d=1|vpx=0|result=PASS
XCASE|group=PSU(4,3)|out=8|xclass=4|xclass_sha256=26068f6601867f8fcf8ae9293aed023ccb3249ae39a84912624c2aa5247d9f1f|x=2|xstructure=C2|xconjugates=2|result=EXCLUDED
    X/Inn = C2 (x=2, conjugates=2): ALL k >= 2 EXCLUDED via (|U|,|V|,p,d) = [ 20160, 6048, 3, 1 ]
CERT|kind=maximal|group=PSU(4,3)|s=3265920|out=8|xclass=4|x=2|xclass_sha256=26068f6601867f8fcf8ae9293aed023ccb3249ae39a84912624c2aa5247d9f1f|xstructure=C2|xconjugates=2|uclass=4|u=20160|ufp=class=4,order=20160,index=162,normalizer=20160,class_sha256=d34a3e9d739f5f689b640e54569aaeb9e2d75427835836a53d97f6c887fd0be1|vclass=7|v=6048|vfp=class=7,order=6048,index=540,normalizer=6048,class_sha256=d61297cf4ea8d270066702d9e37b91c8e1cecdf223a06d26b4a8f09b4921e9b1|p=3|d=1|vpx=0|result=PASS
XCASE|group=PSU(4,3)|out=8|xclass=5|xclass_sha256=f4d469cbd8d7c20070f2e2f8757c26a5baeabd749f1f148027ed2ebd36583ac4|x=4|xstructure=C2 x C2|xconjugates=1|result=EXCLUDED
    X/Inn = C2 x C2 (x=4, conjugates=1): ALL k >= 2 EXCLUDED via (|U|,|V|,p,d) = [ 6048, 5760, 3, 1 ]
CERT|kind=maximal|group=PSU(4,3)|s=3265920|out=8|xclass=5|x=4|xclass_sha256=f4d469cbd8d7c20070f2e2f8757c26a5baeabd749f1f148027ed2ebd36583ac4|xstructure=C2 x C2|xconjugates=1|uclass=7|u=6048|ufp=class=7,order=6048,index=540,normalizer=6048,class_sha256=d61297cf4ea8d270066702d9e37b91c8e1cecdf223a06d26b4a8f09b4921e9b1|vclass=8|v=5760|vfp=class=8,order=5760,index=567,normalizer=5760,class_sha256=486d01a92c5130513d384354da0c4a79a77176d838a5468249e11c2be8f2fe74|p=3|d=1|vpx=0|result=PASS
XCASE|group=PSU(4,3)|out=8|xclass=6|xclass_sha256=54172ca9047364abe5e0a33afad8012ad86240b1f3c5fb6d06cf1613db21734f|x=4|xstructure=C2 x C2|xconjugates=1|result=EXCLUDED
    X/Inn = C2 x C2 (x=4, conjugates=1): ALL k >= 2 EXCLUDED via (|U|,|V|,p,d) = [ 20160, 6048, 3, 1 ]
CERT|kind=maximal|group=PSU(4,3)|s=3265920|out=8|xclass=6|x=4|xclass_sha256=54172ca9047364abe5e0a33afad8012ad86240b1f3c5fb6d06cf1613db21734f|xstructure=C2 x C2|xconjugates=1|uclass=4|u=20160|ufp=class=4,order=20160,index=162,normalizer=20160,class_sha256=d34a3e9d739f5f689b640e54569aaeb9e2d75427835836a53d97f6c887fd0be1|vclass=7|v=6048|vfp=class=7,order=6048,index=540,normalizer=6048,class_sha256=d61297cf4ea8d270066702d9e37b91c8e1cecdf223a06d26b4a8f09b4921e9b1|p=3|d=1|vpx=0|result=PASS
XCASE|group=PSU(4,3)|out=8|xclass=7|xclass_sha256=619849f1a4a098f2ffea74b573efe9bd0e65111873f8258c729f15eb62ee94d5|x=4|xstructure=C4|xconjugates=1|result=EXCLUDED
    X/Inn = C4 (x=4, conjugates=1): ALL k >= 2 EXCLUDED via (|U|,|V|,p,d) = [ 6048, 1152, 3, 1 ]
CERT|kind=maximal|group=PSU(4,3)|s=3265920|out=8|xclass=7|x=4|xclass_sha256=619849f1a4a098f2ffea74b573efe9bd0e65111873f8258c729f15eb62ee94d5|xstructure=C4|xconjugates=1|uclass=7|u=6048|ufp=class=7,order=6048,index=540,normalizer=6048,class_sha256=d61297cf4ea8d270066702d9e37b91c8e1cecdf223a06d26b4a8f09b4921e9b1|vclass=14|v=1152|vfp=class=14,order=1152,index=2835,normalizer=1152,class_sha256=f1fe2bd0826033a28123e95c9ba93653ed04574c9742e8ac017f3ca36567bc0a|p=3|d=1|vpx=0|result=PASS
XCASE|group=PSU(4,3)|out=8|xclass=8|xclass_sha256=76272b8c0f92c2c5b28e1bebceec605c5caf271f7e4fa7e905655af0bff917c0|x=8|xstructure=D8|xconjugates=1|result=EXCLUDED
    X/Inn = D8 (x=8, conjugates=1): ALL k >= 2 EXCLUDED via (|U|,|V|,p,d) = [ 6048, 1152, 3, 1 ]
CERT|kind=maximal|group=PSU(4,3)|s=3265920|out=8|xclass=8|x=8|xclass_sha256=76272b8c0f92c2c5b28e1bebceec605c5caf271f7e4fa7e905655af0bff917c0|xstructure=D8|xconjugates=1|uclass=7|u=6048|ufp=class=7,order=6048,index=540,normalizer=6048,class_sha256=d61297cf4ea8d270066702d9e37b91c8e1cecdf223a06d26b4a8f09b4921e9b1|vclass=14|v=1152|vfp=class=14,order=1152,index=2835,normalizer=1152,class_sha256=f1fe2bd0826033a28123e95c9ba93653ed04574c9742e8ac017f3ca36567bc0a|p=3|d=1|vpx=0|result=PASS
    ==> PSU(4,3)^k EXCLUDED FOR ALL k >= 2 AND ALL X.
### G(2,3): |S| = 4245696 = [ [ 2, 6 ], [ 3, 6 ], [ 7, 1 ], [ 13, 1 ] ], |Out| = 2, maximal classes [ 12096, 12096, 11664, 11664, 11232, 11232, 1512, 1344, 1092, 576 ]
SOCLE|group=G(2,3)|order=4245696|order_factors_sha256=6667245dfe38ddc2040ed137767c945ed88954f15344c6a0e45db9d498c49f7e|P=8491392|out=2|faithful=true|simple=true
XCASE|group=G(2,3)|out=2|xclass=1|xclass_sha256=f652d534a495c746b59a25447252db513b9575cc33de41eccbb780adfd817ff6|x=1|xstructure=1|xconjugates=1|result=EXCLUDED
    X/Inn = 1 (x=1, conjugates=1): ALL k >= 2 EXCLUDED via (|U|,|V|,p,d) = [ 1512, 1092, 2, 1 ]
CERT|kind=maximal|group=G(2,3)|s=4245696|out=2|xclass=1|x=1|xclass_sha256=f652d534a495c746b59a25447252db513b9575cc33de41eccbb780adfd817ff6|xstructure=1|xconjugates=1|uclass=7|u=1512|ufp=class=7,order=1512,index=2808,normalizer=1512,class_sha256=17af3af51f07cfedc5280a7108fc09cf53d3e192f7685643f3b33749051df752|vclass=9|v=1092|vfp=class=9,order=1092,index=3888,normalizer=1092,class_sha256=0c0ec27c8316cd4a737752ab8d42efafd2e22206ddf9a77f8736b7ae557cb45f|p=2|d=1|vpx=0|result=PASS
XCASE|group=G(2,3)|out=2|xclass=2|xclass_sha256=288a27e4a70898f4c3a281810521940481838f382304fcad07d67a294df6ab01|x=2|xstructure=C2|xconjugates=1|result=EXCLUDED
    X/Inn = C2 (x=2, conjugates=1): ALL k >= 2 EXCLUDED via (|U|,|V|,p,d) = [ 1512, 576, 3, 1 ]
CERT|kind=maximal|group=G(2,3)|s=4245696|out=2|xclass=2|x=2|xclass_sha256=288a27e4a70898f4c3a281810521940481838f382304fcad07d67a294df6ab01|xstructure=C2|xconjugates=1|uclass=7|u=1512|ufp=class=7,order=1512,index=2808,normalizer=1512,class_sha256=17af3af51f07cfedc5280a7108fc09cf53d3e192f7685643f3b33749051df752|vclass=10|v=576|vfp=class=10,order=576,index=7371,normalizer=576,class_sha256=3dc5cc9467e86118e92ab6491140232d9dfab38e632abcdf584ed13a49d7d43e|p=3|d=1|vpx=0|result=PASS
    ==> G(2,3)^k EXCLUDED FOR ALL k >= 2 AND ALL X.
### O(5,5): |S| = 4680000 = [ [ 2, 6 ], [ 3, 2 ], [ 5, 4 ], [ 13, 1 ] ], |Out| = 2, maximal classes [ 30000, 30000, 15600, 14400, 960, 720, 480, 360 ]
SOCLE|group=O(5,5)|order=4680000|order_factors_sha256=c5fd8033dce6bde8bc242780ac801ffc30ffb574231bf6b1db9ee9d19795c716|P=9360000|out=2|faithful=true|simple=true
XCASE|group=O(5,5)|out=2|xclass=1|xclass_sha256=cadecde1fe06ac42dfd78001d79f15e0a61ca6de9dd9c7f7b4f5870339047d6d|x=1|xstructure=1|xconjugates=1|result=EXCLUDED
    X/Inn = 1 (x=1, conjugates=1): ALL k >= 2 EXCLUDED via (|U|,|V|,p,d) = [ 15600, 960, 5, 1 ]
CERT|kind=maximal|group=O(5,5)|s=4680000|out=2|xclass=1|x=1|xclass_sha256=cadecde1fe06ac42dfd78001d79f15e0a61ca6de9dd9c7f7b4f5870339047d6d|xstructure=1|xconjugates=1|uclass=3|u=15600|ufp=class=3,order=15600,index=300,normalizer=15600,class_sha256=b0f65823f1a398c61ca1d334a0a889843e74a4314b20f81ad80ec076a4644bf4|vclass=5|v=960|vfp=class=5,order=960,index=4875,normalizer=960,class_sha256=a8eb912ce5bc278b6348f2c65471737a76594fffc9831a5a957a6b99b710df13|p=5|d=1|vpx=0|result=PASS
XCASE|group=O(5,5)|out=2|xclass=2|xclass_sha256=cd6207ff113809b349635a574e11feba4c81fc3bf437b731e9b10b817b0b8d83|x=2|xstructure=C2|xconjugates=1|result=EXCLUDED
    X/Inn = C2 (x=2, conjugates=1): ALL k >= 2 EXCLUDED via (|U|,|V|,p,d) = [ 15600, 960, 5, 1 ]
CERT|kind=maximal|group=O(5,5)|s=4680000|out=2|xclass=2|x=2|xclass_sha256=cd6207ff113809b349635a574e11feba4c81fc3bf437b731e9b10b817b0b8d83|xstructure=C2|xconjugates=1|uclass=3|u=15600|ufp=class=3,order=15600,index=300,normalizer=15600,class_sha256=b0f65823f1a398c61ca1d334a0a889843e74a4314b20f81ad80ec076a4644bf4|vclass=5|v=960|vfp=class=5,order=960,index=4875,normalizer=960,class_sha256=a8eb912ce5bc278b6348f2c65471737a76594fffc9831a5a957a6b99b710df13|p=5|d=1|vpx=0|result=PASS
    ==> O(5,5)^k EXCLUDED FOR ALL k >= 2 AND ALL X.
### PSU(3,8): |S| = 5515776 = [ [ 2, 9 ], [ 3, 4 ], [ 7, 1 ], [ 19, 1 ] ], |Out| = 18, maximal classes [ 10752, 1512, 216, 216, 216, 162, 57 ]
SOCLE|group=PSU(3,8)|order=5515776|order_factors_sha256=39914bf84b1c64c2b8da222f36d28eaa3c8add7f035fd173dbafeab8460783dc|P=99283968|out=18|faithful=true|simple=true
XCASE|group=PSU(3,8)|out=18|xclass=1|xclass_sha256=f7d294a304b6cc66ef537f060c57345434c36490810a7b54f75cf123d4b90e59|x=1|xstructure=1|xconjugates=1|result=EXCLUDED
    X/Inn = 1 (x=1, conjugates=1): ALL k >= 2 EXCLUDED via (|U|,|V|,p,d) = [ 1512, 216, 2, 3 ]
CERT|kind=maximal|group=PSU(3,8)|s=5515776|out=18|xclass=1|x=1|xclass_sha256=f7d294a304b6cc66ef537f060c57345434c36490810a7b54f75cf123d4b90e59|xstructure=1|xconjugates=1|uclass=2|u=1512|ufp=class=2,order=1512,index=3648,normalizer=1512,class_sha256=ff18045a070934178735feaea6034c22e6a4a9b5657a472aa817e1435736b96a|vclass=3|v=216|vfp=class=3,order=216,index=25536,normalizer=216,class_sha256=d4166c33115001e1059ad88ed0338ec82cd26907f03480e1b2e89396f69a18b7|p=2|d=3|vpx=0|result=PASS
XCASE|group=PSU(3,8)|out=18|xclass=2|xclass_sha256=1ad34070858dae6c13b4c2365d19f5ec82709128f30a4f03a2fa581392e6ccc9|x=2|xstructure=C2|xconjugates=3|result=EXCLUDED
    X/Inn = C2 (x=2, conjugates=3): ALL k >= 2 EXCLUDED via (|U|,|V|,p,d) = [ 1512, 216, 2, 3 ]
CERT|kind=maximal|group=PSU(3,8)|s=5515776|out=18|xclass=2|x=2|xclass_sha256=1ad34070858dae6c13b4c2365d19f5ec82709128f30a4f03a2fa581392e6ccc9|xstructure=C2|xconjugates=3|uclass=2|u=1512|ufp=class=2,order=1512,index=3648,normalizer=1512,class_sha256=ff18045a070934178735feaea6034c22e6a4a9b5657a472aa817e1435736b96a|vclass=3|v=216|vfp=class=3,order=216,index=25536,normalizer=216,class_sha256=d4166c33115001e1059ad88ed0338ec82cd26907f03480e1b2e89396f69a18b7|p=2|d=3|vpx=1|result=PASS
XCASE|group=PSU(3,8)|out=18|xclass=3|xclass_sha256=a342b00d799d76d02104f6c634f7ae8d92d23b8dd94151f7bfb7ad0564e02659|x=3|xstructure=C3|xconjugates=1|result=EXCLUDED
    X/Inn = C3 (x=3, conjugates=1): ALL k >= 2 EXCLUDED via (|U|,|V|,p,d) = [ 1512, 216, 2, 3 ]
CERT|kind=maximal|group=PSU(3,8)|s=5515776|out=18|xclass=3|x=3|xclass_sha256=a342b00d799d76d02104f6c634f7ae8d92d23b8dd94151f7bfb7ad0564e02659|xstructure=C3|xconjugates=1|uclass=2|u=1512|ufp=class=2,order=1512,index=3648,normalizer=1512,class_sha256=ff18045a070934178735feaea6034c22e6a4a9b5657a472aa817e1435736b96a|vclass=3|v=216|vfp=class=3,order=216,index=25536,normalizer=216,class_sha256=d4166c33115001e1059ad88ed0338ec82cd26907f03480e1b2e89396f69a18b7|p=2|d=3|vpx=0|result=PASS
XCASE|group=PSU(3,8)|out=18|xclass=4|xclass_sha256=2b8434f13eaf6460389c1ec80a50c76e8268f0d9b9abe3cf3e40cdaf971b354b|x=3|xstructure=C3|xconjugates=1|result=EXCLUDED
    X/Inn = C3 (x=3, conjugates=1): ALL k >= 2 EXCLUDED via (|U|,|V|,p,d) = [ 1512, 162, 2, 5 ]
CERT|kind=maximal|group=PSU(3,8)|s=5515776|out=18|xclass=4|x=3|xclass_sha256=2b8434f13eaf6460389c1ec80a50c76e8268f0d9b9abe3cf3e40cdaf971b354b|xstructure=C3|xconjugates=1|uclass=2|u=1512|ufp=class=2,order=1512,index=3648,normalizer=1512,class_sha256=ff18045a070934178735feaea6034c22e6a4a9b5657a472aa817e1435736b96a|vclass=6|v=162|vfp=class=6,order=162,index=34048,normalizer=162,class_sha256=27a805ece5ee852ea9f9694af407016da144c0f55011fe2e2eaa837fbfc782be|p=2|d=5|vpx=0|result=PASS
XCASE|group=PSU(3,8)|out=18|xclass=5|xclass_sha256=b60abcc7b92a458b463eb80546175777d565c0c850fd21546dc36027cb6fe6d6|x=3|xstructure=C3|xconjugates=2|result=EXCLUDED
    X/Inn = C3 (x=3, conjugates=2): ALL k >= 2 EXCLUDED via (|U|,|V|,p,d) = [ 1512, 162, 2, 5 ]
CERT|kind=maximal|group=PSU(3,8)|s=5515776|out=18|xclass=5|x=3|xclass_sha256=b60abcc7b92a458b463eb80546175777d565c0c850fd21546dc36027cb6fe6d6|xstructure=C3|xconjugates=2|uclass=2|u=1512|ufp=class=2,order=1512,index=3648,normalizer=1512,class_sha256=ff18045a070934178735feaea6034c22e6a4a9b5657a472aa817e1435736b96a|vclass=6|v=162|vfp=class=6,order=162,index=34048,normalizer=162,class_sha256=27a805ece5ee852ea9f9694af407016da144c0f55011fe2e2eaa837fbfc782be|p=2|d=5|vpx=0|result=PASS
XCASE|group=PSU(3,8)|out=18|xclass=6|xclass_sha256=1c783d9fb2fe060898fda7298bbc393cf31ed88236b0b85c42584a4d0d437524|x=6|xstructure=C6|xconjugates=3|result=EXCLUDED
    X/Inn = C6 (x=6, conjugates=3): ALL k >= 2 EXCLUDED via (|U|,|V|,p,d) = [ 1512, 216, 2, 3 ]
CERT|kind=maximal|group=PSU(3,8)|s=5515776|out=18|xclass=6|x=6|xclass_sha256=1c783d9fb2fe060898fda7298bbc393cf31ed88236b0b85c42584a4d0d437524|xstructure=C6|xconjugates=3|uclass=2|u=1512|ufp=class=2,order=1512,index=3648,normalizer=1512,class_sha256=ff18045a070934178735feaea6034c22e6a4a9b5657a472aa817e1435736b96a|vclass=3|v=216|vfp=class=3,order=216,index=25536,normalizer=216,class_sha256=d4166c33115001e1059ad88ed0338ec82cd26907f03480e1b2e89396f69a18b7|p=2|d=3|vpx=1|result=PASS
XCASE|group=PSU(3,8)|out=18|xclass=7|xclass_sha256=d35c449a1f991bb4b9cf5d2cf00223c6d2190466ada39237c430ca6900b09f82|x=6|xstructure=S3|xconjugates=1|result=EXCLUDED
    X/Inn = S3 (x=6, conjugates=1): ALL k >= 2 EXCLUDED via (|U|,|V|,p,d) = [ 1512, 162, 2, 5 ]
CERT|kind=maximal|group=PSU(3,8)|s=5515776|out=18|xclass=7|x=6|xclass_sha256=d35c449a1f991bb4b9cf5d2cf00223c6d2190466ada39237c430ca6900b09f82|xstructure=S3|xconjugates=1|uclass=2|u=1512|ufp=class=2,order=1512,index=3648,normalizer=1512,class_sha256=ff18045a070934178735feaea6034c22e6a4a9b5657a472aa817e1435736b96a|vclass=6|v=162|vfp=class=6,order=162,index=34048,normalizer=162,class_sha256=27a805ece5ee852ea9f9694af407016da144c0f55011fe2e2eaa837fbfc782be|p=2|d=5|vpx=1|result=PASS
XCASE|group=PSU(3,8)|out=18|xclass=8|xclass_sha256=779e35a584d0b8d03784fcb85ffabc98ad8763c7dd4848b478c27bc81b257f5a|x=9|xstructure=C3 x C3|xconjugates=1|result=EXCLUDED
    X/Inn = C3 x C3 (x=9, conjugates=1): ALL k >= 2 EXCLUDED via (|U|,|V|,p,d) = [ 1512, 162, 2, 5 ]
CERT|kind=maximal|group=PSU(3,8)|s=5515776|out=18|xclass=8|x=9|xclass_sha256=779e35a584d0b8d03784fcb85ffabc98ad8763c7dd4848b478c27bc81b257f5a|xstructure=C3 x C3|xconjugates=1|uclass=2|u=1512|ufp=class=2,order=1512,index=3648,normalizer=1512,class_sha256=ff18045a070934178735feaea6034c22e6a4a9b5657a472aa817e1435736b96a|vclass=6|v=162|vfp=class=6,order=162,index=34048,normalizer=162,class_sha256=27a805ece5ee852ea9f9694af407016da144c0f55011fe2e2eaa837fbfc782be|p=2|d=5|vpx=0|result=PASS
XCASE|group=PSU(3,8)|out=18|xclass=9|xclass_sha256=923c248fac7d503024ed38d2ddfad767709332816f0f14b63e7ace5f1bf1260e|x=18|xstructure=C3 x S3|xconjugates=1|result=EXCLUDED
    X/Inn = C3 x S3 (x=18, conjugates=1): ALL k >= 2 EXCLUDED via (|U|,|V|,p,d) = [ 1512, 162, 2, 5 ]
CERT|kind=maximal|group=PSU(3,8)|s=5515776|out=18|xclass=9|x=18|xclass_sha256=923c248fac7d503024ed38d2ddfad767709332816f0f14b63e7ace5f1bf1260e|xstructure=C3 x S3|xconjugates=1|uclass=2|u=1512|ufp=class=2,order=1512,index=3648,normalizer=1512,class_sha256=ff18045a070934178735feaea6034c22e6a4a9b5657a472aa817e1435736b96a|vclass=6|v=162|vfp=class=6,order=162,index=34048,normalizer=162,class_sha256=27a805ece5ee852ea9f9694af407016da144c0f55011fe2e2eaa837fbfc782be|p=2|d=5|vpx=1|result=PASS
    ==> PSU(3,8)^k EXCLUDED FOR ALL k >= 2 AND ALL X.
### PSU(3,7): |S| = 5663616 = [ [ 2, 7 ], [ 3, 1 ], [ 7, 3 ], [ 43, 1 ] ], |Out| = 2, maximal classes [ 16464, 2688, 384, 336, 129 ]
SOCLE|group=PSU(3,7)|order=5663616|order_factors_sha256=76631d7f4a034b96e76a251a06fc13548b977087f7e6ca41908371229452fbb4|P=11327232|out=2|faithful=true|simple=true
XCASE|group=PSU(3,7)|out=2|xclass=1|xclass_sha256=36fa9e5acd29184a6ed8806a937bccd63da21db937f60cba6f60a5e0c018f0b9|x=1|xstructure=1|xconjugates=1|result=EXCLUDED
    X/Inn = 1 (x=1, conjugates=1): ALL k >= 2 EXCLUDED via (|U|,|V|,p,d) = [ 16464, 129, 2, 3 ]
CERT|kind=maximal|group=PSU(3,7)|s=5663616|out=2|xclass=1|x=1|xclass_sha256=36fa9e5acd29184a6ed8806a937bccd63da21db937f60cba6f60a5e0c018f0b9|xstructure=1|xconjugates=1|uclass=1|u=16464|ufp=class=1,order=16464,index=344,normalizer=16464,class_sha256=aba0a3155b7c241700328b6a877c693acd50efc8ddcee39d75e9496455339acd|vclass=5|v=129|vfp=class=5,order=129,index=43904,normalizer=129,class_sha256=bf81d5d4e57aaafe20f49678a241fc444297d2b42794cc2c6d0ef8dbac9e7b4e|p=2|d=3|vpx=0|result=PASS
XCASE|group=PSU(3,7)|out=2|xclass=2|xclass_sha256=0f6d39fc4f74510b9f6cfd84481efccc2b7c30190f5e63ff2fb1676f58640cd0|x=2|xstructure=C2|xconjugates=1|result=EXCLUDED
    X/Inn = C2 (x=2, conjugates=1): ALL k >= 2 EXCLUDED via (|U|,|V|,p,d) = [ 16464, 129, 2, 3 ]
CERT|kind=maximal|group=PSU(3,7)|s=5663616|out=2|xclass=2|x=2|xclass_sha256=0f6d39fc4f74510b9f6cfd84481efccc2b7c30190f5e63ff2fb1676f58640cd0|xstructure=C2|xconjugates=1|uclass=1|u=16464|ufp=class=1,order=16464,index=344,normalizer=16464,class_sha256=aba0a3155b7c241700328b6a877c693acd50efc8ddcee39d75e9496455339acd|vclass=5|v=129|vfp=class=5,order=129,index=43904,normalizer=129,class_sha256=bf81d5d4e57aaafe20f49678a241fc444297d2b42794cc2c6d0ef8dbac9e7b4e|p=2|d=3|vpx=1|result=PASS
    ==> PSU(3,7)^k EXCLUDED FOR ALL k >= 2 AND ALL X.
### PSL(4,3): |S| = 6065280 = [ [ 2, 7 ], [ 3, 6 ], [ 5, 1 ], [ 13, 1 ] ], |Out| = 4, maximal classes [ 151632, 151632, 51840, 51840, 46656, 2880, 720, 576 ]
SOCLE|group=PSL(4,3)|order=6065280|order_factors_sha256=d7ef927aaae648e74648d8bb84a35ef43b8fb42a735ace13d30d053336530a21|P=24261120|out=4|faithful=true|simple=true
XCASE|group=PSL(4,3)|out=4|xclass=1|xclass_sha256=101c5a147a52a299a198ed3f274871df1d181ebe9dc2ef133c812d2152fd87b8|x=1|xstructure=1|xconjugates=1|result=EXCLUDED
    X/Inn = 1 (x=1, conjugates=1): ALL k >= 2 EXCLUDED via (|U|,|V|,p,d) = [ 2880, 720, 3, 2 ]
CERT|kind=maximal|group=PSL(4,3)|s=6065280|out=4|xclass=1|x=1|xclass_sha256=101c5a147a52a299a198ed3f274871df1d181ebe9dc2ef133c812d2152fd87b8|xstructure=1|xconjugates=1|uclass=6|u=2880|ufp=class=6,order=2880,index=2106,normalizer=2880,class_sha256=d7f75c898b2c4369a745aeaf3c20710c724f38f0698037a341292a7f1e79ea75|vclass=7|v=720|vfp=class=7,order=720,index=8424,normalizer=720,class_sha256=c5dd5ade3318b9636141d576ac9a1c5794f3cc74d4246fce041a678cbe9a42f0|p=3|d=2|vpx=0|result=PASS
XCASE|group=PSL(4,3)|out=4|xclass=2|xclass_sha256=083df81e5a552224435aa2f933c942b9522f9946c18320335534ca99910328b2|x=2|xstructure=C2|xconjugates=1|result=EXCLUDED
    X/Inn = C2 (x=2, conjugates=1): ALL k >= 2 EXCLUDED via (|U|,|V|,p,d) = [ 2880, 720, 3, 2 ]
CERT|kind=maximal|group=PSL(4,3)|s=6065280|out=4|xclass=2|x=2|xclass_sha256=083df81e5a552224435aa2f933c942b9522f9946c18320335534ca99910328b2|xstructure=C2|xconjugates=1|uclass=6|u=2880|ufp=class=6,order=2880,index=2106,normalizer=2880,class_sha256=d7f75c898b2c4369a745aeaf3c20710c724f38f0698037a341292a7f1e79ea75|vclass=7|v=720|vfp=class=7,order=720,index=8424,normalizer=720,class_sha256=c5dd5ade3318b9636141d576ac9a1c5794f3cc74d4246fce041a678cbe9a42f0|p=3|d=2|vpx=0|result=PASS
XCASE|group=PSL(4,3)|out=4|xclass=3|xclass_sha256=4a706452efc6e7cfd86d9d93f0d896d6e2d3811291ae1c1e6dcb4dc3103c28c5|x=2|xstructure=C2|xconjugates=1|result=EXCLUDED
    X/Inn = C2 (x=2, conjugates=1): ALL k >= 2 EXCLUDED via (|U|,|V|,p,d) = [ 2880, 720, 3, 2 ]
CERT|kind=maximal|group=PSL(4,3)|s=6065280|out=4|xclass=3|x=2|xclass_sha256=4a706452efc6e7cfd86d9d93f0d896d6e2d3811291ae1c1e6dcb4dc3103c28c5|xstructure=C2|xconjugates=1|uclass=6|u=2880|ufp=class=6,order=2880,index=2106,normalizer=2880,class_sha256=d7f75c898b2c4369a745aeaf3c20710c724f38f0698037a341292a7f1e79ea75|vclass=7|v=720|vfp=class=7,order=720,index=8424,normalizer=720,class_sha256=c5dd5ade3318b9636141d576ac9a1c5794f3cc74d4246fce041a678cbe9a42f0|p=3|d=2|vpx=0|result=PASS
XCASE|group=PSL(4,3)|out=4|xclass=4|xclass_sha256=b09cd0f4f29a3351979d621caf68bd60c2a400cbb2f5498cf0220bbc50a01392|x=2|xstructure=C2|xconjugates=1|result=EXCLUDED
    X/Inn = C2 (x=2, conjugates=1): ALL k >= 2 EXCLUDED via (|U|,|V|,p,d) = [ 2880, 720, 3, 2 ]
CERT|kind=maximal|group=PSL(4,3)|s=6065280|out=4|xclass=4|x=2|xclass_sha256=b09cd0f4f29a3351979d621caf68bd60c2a400cbb2f5498cf0220bbc50a01392|xstructure=C2|xconjugates=1|uclass=6|u=2880|ufp=class=6,order=2880,index=2106,normalizer=2880,class_sha256=d7f75c898b2c4369a745aeaf3c20710c724f38f0698037a341292a7f1e79ea75|vclass=7|v=720|vfp=class=7,order=720,index=8424,normalizer=720,class_sha256=c5dd5ade3318b9636141d576ac9a1c5794f3cc74d4246fce041a678cbe9a42f0|p=3|d=2|vpx=0|result=PASS
XCASE|group=PSL(4,3)|out=4|xclass=5|xclass_sha256=948714d46c20149d58e41bf16b9b97b056e80e7c1b52f286e9eebeaa3dba4c77|x=4|xstructure=C2 x C2|xconjugates=1|result=EXCLUDED
    X/Inn = C2 x C2 (x=4, conjugates=1): ALL k >= 2 EXCLUDED via (|U|,|V|,p,d) = [ 2880, 720, 3, 2 ]
CERT|kind=maximal|group=PSL(4,3)|s=6065280|out=4|xclass=5|x=4|xclass_sha256=948714d46c20149d58e41bf16b9b97b056e80e7c1b52f286e9eebeaa3dba4c77|xstructure=C2 x C2|xconjugates=1|uclass=6|u=2880|ufp=class=6,order=2880,index=2106,normalizer=2880,class_sha256=d7f75c898b2c4369a745aeaf3c20710c724f38f0698037a341292a7f1e79ea75|vclass=7|v=720|vfp=class=7,order=720,index=8424,normalizer=720,class_sha256=c5dd5ade3318b9636141d576ac9a1c5794f3cc74d4246fce041a678cbe9a42f0|p=3|d=2|vpx=0|result=PASS
    ==> PSL(4,3)^k EXCLUDED FOR ALL k >= 2 AND ALL X.
SWEEP J3 DONE.|PASS
