### A11: |S| = 19958400 = [ [ 2, 7 ], [ 3, 4 ], [ 5, 2 ], [ 7, 1 ], [ 11, 1 ] 
 ], |Out| = 2, maximal classes [ 43200, 60480, 120960, 362880, 1814400, 7920, 
  7920 ]
    X/Inn = 1 (x=1): ALL k >= 2 EXCLUDED via (|U|,|V|,p,d) = 
[ 7920, 7920, 7, 1 ]
    X/Inn = C2 (x=2): ALL k >= 2 EXCLUDED via (|U|,|V|,p,d) = 
[ 362880, 1814400, 11, 1 ]
    ==> A11^k EXCLUDED FOR ALL k >= 2 AND ALL X.
### A12: |S| = 239500800 = [ [ 2, 9 ], [ 3, 5 ], [ 5, 2 ], [ 7, 1 ], 
  [ 11, 1 ] ], |Out| = 2, maximal classes [ 302400, 483840, 1088640, 3628800, 
  19958400, 23040, 15552, 41472, 518400, 95040, 95040 ]
    X/Inn = 1 (x=1): ALL k >= 2 EXCLUDED via (|U|,|V|,p,d) = 
[ 95040, 95040, 7, 1 ]
    X/Inn = C2 (x=2): ALL k >= 2 EXCLUDED via (|U|,|V|,p,d) = 
[ 41472, 518400, 11, 1 ]
    ==> A12^k EXCLUDED FOR ALL k >= 2 AND ALL X.
### A13: |S| = 3113510400 = [ [ 2, 9 ], [ 3, 5 ], [ 5, 2 ], [ 7, 1 ], 
  [ 11, 1 ], [ 13, 1 ] ], |Out| = 2, maximal classes 
[ 1814400, 2419200, 4354560, 10886400, 39916800, 239500800, 78, 5616, 5616 ]
    X/Inn = 1 (x=1): ALL k >= 2 EXCLUDED via (|U|,|V|,p,d) = 
[ 5616, 5616, 11, 1 ]
    X/Inn = C2 (x=2): ALL k >= 2 EXCLUDED via (|U|,|V|,p,d) = 
[ 39916800, 239500800, 13, 1 ]
    ==> A13^k EXCLUDED FOR ALL k >= 2 AND ALL X.
### A14: |S| = 43589145600 = [ [ 2, 10 ], [ 3, 5 ], [ 5, 2 ], [ 7, 2 ], 
  [ 11, 1 ], [ 13, 1 ] ], |Out| = 2, maximal classes 
[ 14515200, 21772800, 43545600, 119750400, 479001600, 3113510400, 322560, 
  25401600, 1092 ]
    X/Inn = 1 (x=1): ALL k >= 2 EXCLUDED via (|U|,|V|,p,d) = 
[ 25401600, 1092, 11, 1 ]
    X/Inn = C2 (x=2): ALL k >= 2 EXCLUDED via (|U|,|V|,p,d) = 
[ 25401600, 1092, 11, 1 ]
    ==> A14^k EXCLUDED FOR ALL k >= 2 AND ALL X.
SWEEP J5 DONE.
