### L3_2: |S| = 168, |Out| = 2
    self-normalizing proper classes: 5 with sizes [ 6, 8, 21, 24 ]
    X/Inn (x=1): P_X classes [ 21, 24, 24 ]
        ALL k >= 2 EXCLUDED via (|V|,|W|,p,d) = [ 24, 24, 7, 1 ]
    X/Inn (x=2): P_X classes [ 6, 8, 21 ]
        ALL k >= 2 EXCLUDED via (|V|,|W|,p,d) = [ 6, 21, 2, 2 ]
### A6: |S| = 360, |Out| = 4
    self-normalizing proper classes: 9 with sizes [ 6, 8, 10, 24, 36, 60 ]
    X/Inn (x=1): P_X classes [ 24, 24, 36, 60, 60 ]
        ALL k >= 2 EXCLUDED via (|V|,|W|,p,d) = [ 24, 36, 5, 1 ]
    X/Inn (x=2): P_X classes [ 8, 10, 36 ]
        ALL k >= 2 EXCLUDED via (|V|,|W|,p,d) = [ 8, 36, 5, 1 ]
    X/Inn (x=2): P_X classes [ 24, 24, 36, 60, 60 ]
        ALL k >= 2 EXCLUDED via (|V|,|W|,p,d) = [ 24, 36, 5, 1 ]
    X/Inn (x=2): P_X classes [ 8, 10, 36 ]
        ALL k >= 2 EXCLUDED via (|V|,|W|,p,d) = [ 8, 36, 5, 1 ]
    X/Inn (x=4): P_X classes [ 8, 10, 36 ]
        ALL k >= 2 EXCLUDED via (|V|,|W|,p,d) = [ 8, 36, 5, 1 ]
### L2_11: |S| = 660, |Out| = 2
    self-normalizing proper classes: 6 with sizes [ 10, 12, 55, 60 ]
    X/Inn (x=1): P_X classes [ 12, 55, 60, 60 ]
        ALL k >= 2 EXCLUDED via (|V|,|W|,p,d) = [ 60, 60, 11, 1 ]
    X/Inn (x=2): P_X classes [ 10, 12, 12, 55 ]
        ALL k >= 2 EXCLUDED via (|V|,|W|,p,d) = [ 12, 12, 11, 1 ]
### L3_4: |S| = 20160, |Out| = 12
    self-normalizing proper classes: 34 with sizes 
[ 6, 10, 12, 21, 24, 48, 60, 72, 96, 160, 168, 192, 360, 960 ]
    X/Inn (x=1): P_X classes [ 72, 168, 168, 168, 360, 360, 360, 960, 960 ]
        ALL k >= 2 EXCLUDED via (|V|,|W|,p,d) = [ 960, 960, 7, 1 ]
    X/Inn (x=2): P_X classes [ 60, 72, 168, 192, 360 ]
        ALL k >= 2 EXCLUDED via (|V|,|W|,p,d) = [ 192, 360, 7, 1 ]
    X/Inn (x=2): P_X classes [ 72, 168, 360, 960, 960 ]
        ALL k >= 2 EXCLUDED via (|V|,|W|,p,d) = [ 960, 960, 7, 1 ]
    X/Inn (x=2): P_X classes [ 60, 72, 168, 168, 168, 192, 360, 360, 360 ]
        ALL k >= 2 EXCLUDED via (|V|,|W|,p,d) = [ 360, 360, 7, 1 ]
    X/Inn (x=3): P_X classes [ 21, 72, 960, 960 ]
        ALL k >= 2 EXCLUDED via (|V|,|W|,p,d) = [ 960, 960, 7, 1 ]
    X/Inn (x=4): P_X classes [ 60, 72, 168, 192, 360 ]
        ALL k >= 2 EXCLUDED via (|V|,|W|,p,d) = [ 192, 360, 7, 1 ]
    X/Inn (x=6): P_X classes [ 21, 60, 72, 192 ]
        ALL k >= 2 EXCLUDED via (|V|,|W|,p,d) = [ 72, 192, 7, 1 ]
    X/Inn (x=6): P_X classes [ 21, 72, 960, 960 ]
        ALL k >= 2 EXCLUDED via (|V|,|W|,p,d) = [ 960, 960, 7, 1 ]
    X/Inn (x=6): P_X classes [ 21, 60, 72, 192 ]
        ALL k >= 2 EXCLUDED via (|V|,|W|,p,d) = [ 72, 192, 7, 1 ]
    X/Inn (x=12): P_X classes [ 21, 60, 72, 192 ]
        ALL k >= 2 EXCLUDED via (|V|,|W|,p,d) = [ 72, 192, 7, 1 ]
SWEEP K DONE.
