!!! PERFECT COUNTEREXAMPLE: PerfectGroup(1,1)
perfect order 1 done (cumulative 1)
perfect order 60 done (cumulative 2)
perfect order 120 done (cumulative 3)
perfect order 168 done (cumulative 4)
perfect order 336 done (cumulative 5)
perfect order 360 done (cumulative 6)
perfect order 504 done (cumulative 7)
perfect order 660 done (cumulative 8)
perfect order 720 done (cumulative 9)
perfect order 960 done (cumulative 11)
perfect order 1080 done (cumulative 12)
perfect order 1092 done (cumulative 13)
perfect order 1320 done (cumulative 14)
perfect order 1344 done (cumulative 16)
perfect order 1920 done (cumulative 23)
perfect order 2160 done (cumulative 24)
perfect order 2184 done (cumulative 25)
perfect order 2448 done (cumulative 26)
perfect order 2520 done (cumulative 27)
perfect order 2688 done (cumulative 30)
perfect order 3000 done (cumulative 31)
perfect order 3420 done (cumulative 32)
perfect order 3600 done (cumulative 33)
perfect order 3840 done (cumulative 40)
perfect order 4080 done (cumulative 41)
perfect order 4860 done (cumulative 43)
perfect order 4896 done (cumulative 44)
perfect order 5040 done (cumulative 45)
perfect order 5376 done (cumulative 46)
perfect order 5616 done (cumulative 47)
perfect order 5760 done (cumulative 48)
perfect order 6048 done (cumulative 49)
perfect order 6072 done (cumulative 50)
perfect order 6840 done (cumulative 51)
perfect order 7200 done (cumulative 53)
perfect order 7500 done (cumulative 55)
perfect order 7560 done (cumulative 56)
perfect order 7680 done (cumulative 61)
perfect order 7800 done (cumulative 62)
perfect order 7920 done (cumulative 63)
perfect order 9720 done (cumulative 66)
perfect order 9828 done (cumulative 67)
perfect order 10080 done (cumulative 68)
perfect order 10752 done (cumulative 77)
perfect order 11520 done (cumulative 81)
perfect order 12144 done (cumulative 82)
perfect order 12180 done (cumulative 83)
perfect order 14400 done (cumulative 84)
perfect order 14520 done (cumulative 85)
perfect order 14580 done (cumulative 86)
perfect order 14880 done (cumulative 87)
perfect order 15000 done (cumulative 90)
perfect order 15120 done (cumulative 91)
perfect order 15360 done (cumulative 98)
perfect order 15600 done (cumulative 99)
perfect order 16464 done (cumulative 100)
perfect order 17280 done (cumulative 101)
perfect order 19656 done (cumulative 102)
perfect order 20160 done (cumulative 107)
perfect order 21504 done (cumulative 129)
perfect order 21600 done (cumulative 130)
perfect order 23040 done (cumulative 133)
perfect order 24360 done (cumulative 134)
perfect order 25308 done (cumulative 135)
perfect order 25920 done (cumulative 136)
perfect order 28224 done (cumulative 137)
perfect order 29120 done (cumulative 138)
perfect order 29160 done (cumulative 142)
perfect order 29760 done (cumulative 143)
perfect order 30240 done (cumulative 144)
perfect order 30720 done (cumulative 181)
perfect order 32256 done (cumulative 183)
perfect order 32736 done (cumulative 184)
perfect order 34440 done (cumulative 185)
perfect order 34560 done (cumulative 189)
perfect order 37500 done (cumulative 190)
perfect order 39600 done (cumulative 191)
perfect order 39732 done (cumulative 192)
perfect order 40320 done (cumulative 196)
perfect order 43008 done (cumulative 221)
perfect order 43200 done (cumulative 224)
perfect order 43320 done (cumulative 225)
perfect order 43740 done (cumulative 226)
perfect order 46080 done (cumulative 227)
perfect order 48000 done (cumulative 230)
perfect order 50616 done (cumulative 231)
perfect order 51840 done (cumulative 232)
perfect order 51888 done (cumulative 233)
perfect order 56448 done (cumulative 235)
perfect order 57600 done (cumulative 237)
perfect order 57624 done (cumulative 239)
perfect order 58240 done (cumulative 240)
perfect order 58320 done (cumulative 242)
perfect order 58800 done (cumulative 243)
perfect order 60480 done (cumulative 246)
perfect order 61440 done (cumulative 344)
perfect order 62400 done (cumulative 345)
perfect order 64512 done (cumulative 349)
perfect order 64800 done (cumulative 350)
perfect order 65520 done (cumulative 351)
perfect order 68880 done (cumulative 352)
perfect order 69120 done (cumulative 356)
perfect order 74412 done (cumulative 357)
perfect order 75000 done (cumulative 361)
perfect order 77760 done (cumulative 365)
perfect order 79200 done (cumulative 368)
perfect order 79464 done (cumulative 369)
perfect order 79860 done (cumulative 370)
perfect order 80640 done (cumulative 376)
perfect order 84672 done (cumulative 377)
perfect order 86016 done (cumulative 429)
perfect order 86400 done (cumulative 430)
perfect order 87480 done (cumulative 438)
perfect order 92160 done (cumulative 440)
perfect order 95040 done (cumulative 441)
perfect order 96000 done (cumulative 444)
perfect order 100920 done (cumulative 445)
perfect order 102660 done (cumulative 446)
perfect order 103776 done (cumulative 447)
perfect order 110880 done (cumulative 448)
perfect order 112896 done (cumulative 449)
perfect order 113460 done (cumulative 450)
perfect order 115200 done (cumulative 465)
perfect order 115248 done (cumulative 468)
perfect order 115320 done (cumulative 469)
perfect order 116480 done (cumulative 470)
perfect order 117600 done (cumulative 471)
perfect order 120000 done (cumulative 475)
perfect order 120960 done (cumulative 480)
perfect order 122472 done (cumulative 482)
perfect order 122880 done (cumulative 740)
perfect order 126000 done (cumulative 741)
perfect order 129024 done (cumulative 747)
perfect order 129600 done (cumulative 751)
perfect order 131040 done (cumulative 754)
perfect order 131712 done (cumulative 756)
perfect order 138240 done (cumulative 758)
perfect order 144060 done (cumulative 759)
perfect order 146880 done (cumulative 760)
perfect order 148824 done (cumulative 761)
perfect order 150348 done (cumulative 762)
perfect order 151200 done (cumulative 763)
perfect order 151632 done (cumulative 764)
perfect order 155520 done (cumulative 782)
perfect order 158400 done (cumulative 783)
perfect order 159720 done (cumulative 786)
perfect order 160380 done (cumulative 787)
perfect order 161280 done (cumulative 799)
perfect order 169344 done (cumulative 800)
perfect order 172032 done (cumulative 954)
perfect order 174960 done (cumulative 962)
perfect order 175560 done (cumulative 963)
perfect order 178920 done (cumulative 964)
perfect order 180000 done (cumulative 965)
perfect order 181440 done (cumulative 968)
perfect order 183456 done (cumulative 969)
perfect order 184320 done (cumulative 988)
perfect order 187500 done (cumulative 989)
perfect order 190080 done (cumulative 990)
perfect order 192000 done (cumulative 992)
perfect order 194472 done (cumulative 993)
perfect order 201720 done (cumulative 994)
perfect order 205200 done (cumulative 995)
perfect order 205320 done (cumulative 996)
perfect order 216000 done (cumulative 997)
perfect order 221760 done (cumulative 1000)
perfect order 223608 done (cumulative 1001)
perfect order 225792 done (cumulative 1003)
perfect order 226920 done (cumulative 1004)
perfect order 230400 done (cumulative 1030)
perfect order 232320 done (cumulative 1033)
perfect order 233280 done (cumulative 1036)
perfect order 237600 done (cumulative 1037)
perfect order 240000 done (cumulative 1054)
perfect order 241920 done (cumulative 1059)
perfect order 243000 done (cumulative 1062)
perfect order 244800 done (cumulative 1063)
perfect order 244944 done (cumulative 1065)
perfect order 245760 done (cumulative 1647)
perfect order 246480 done (cumulative 1648)
perfect order 254016 done (cumulative 1649)
perfect order 258048 done (cumulative 1653)
perfect order 259200 done (cumulative 1656)
perfect order 262080 done (cumulative 1658)
perfect order 262440 done (cumulative 1665)
perfect order 263424 done (cumulative 1666)
perfect order 265680 done (cumulative 1667)
perfect order 276480 done (cumulative 1669)
perfect order 285852 done (cumulative 1670)
perfect order 288120 done (cumulative 1673)
perfect order 291600 done (cumulative 1675)
perfect order 293760 done (cumulative 1678)
perfect order 300696 done (cumulative 1679)
perfect order 302400 done (cumulative 1682)
perfect order 311040 done (cumulative 1700)
perfect order 320760 done (cumulative 1701)
perfect order 322560 done (cumulative 1728)
perfect order 332640 done (cumulative 1729)
perfect order 336960 done (cumulative 1730)
perfect order 344064 done (cumulative 2021)
perfect order 345600 done (cumulative 2024)
perfect order 352440 done (cumulative 2025)
perfect order 357840 done (cumulative 2026)
perfect order 360000 done (cumulative 2027)
perfect order 362880 done (cumulative 2033)
perfect order 363000 done (cumulative 2034)
perfect order 364320 done (cumulative 2035)
perfect order 366912 done (cumulative 2038)
perfect order 367416 done (cumulative 2041)
perfect order 368640 done (cumulative 2087)
perfect order 369096 done (cumulative 2088)
perfect order 372000 done (cumulative 2089)
perfect order 375000 done (cumulative 2100)
perfect order 378000 done (cumulative 2101)
perfect order 384000 done (cumulative 2102)
perfect order 387072 done (cumulative 2104)
perfect order 388800 done (cumulative 2106)
perfect order 388944 done (cumulative 2107)
perfect order 393120 done (cumulative 2108)
perfect order 393660 done (cumulative 2112)
perfect order 410400 done (cumulative 2115)
perfect order 411264 done (cumulative 2116)
perfect order 411540 done (cumulative 2117)
perfect order 417720 done (cumulative 2118)
perfect order 423360 done (cumulative 2119)
perfect order 432000 done (cumulative 2122)
perfect order 435600 done (cumulative 2123)
perfect order 443520 done (cumulative 2125)
perfect order 446520 done (cumulative 2126)
perfect order 447216 done (cumulative 2127)
perfect order 450000 done (cumulative 2130)
perfect order 451584 done (cumulative 2138)
perfect order 453600 done (cumulative 2139)
perfect order 456288 done (cumulative 2140)
perfect order 460800 done (cumulative 2165)
perfect order 460992 done (cumulative 2169)
perfect order 464640 done (cumulative 2172)
perfect order 466560 done (cumulative 2190)
perfect order 468000 done (cumulative 2191)
perfect order 475200 done (cumulative 2195)
perfect order 480000 done (cumulative 2212)
perfect order 483840 done (cumulative 2218)
perfect order 489600 done (cumulative 2219)
perfect order 491520 done (cumulative 3223)
perfect order 492960 done (cumulative 3224)
perfect order 504000 done (cumulative 3225)
perfect order 515100 done (cumulative 3226)
perfect order 516096 done (cumulative 3227)
perfect order 518400 done (cumulative 3228)
perfect order 524880 done (cumulative 3237)
perfect order 531360 done (cumulative 3238)
perfect order 544320 done (cumulative 3239)
perfect order 546312 done (cumulative 3240)
perfect order 550368 done (cumulative 3241)
perfect order 552960 done (cumulative 3260)
perfect order 571704 done (cumulative 3261)
perfect order 574560 done (cumulative 3262)
perfect order 583200 done (cumulative 3269)
perfect order 587520 done (cumulative 3270)
perfect order 589680 done (cumulative 3271)
perfect order 600000 done (cumulative 3273)
perfect order 604800 done (cumulative 3276)
perfect order 604920 done (cumulative 3277)
perfect order 607500 done (cumulative 3281)
perfect order 612468 done (cumulative 3282)
perfect order 622080 done (cumulative 3294)
perfect order 626688 done (cumulative 3295)
perfect order 633600 done (cumulative 3297)
perfect order 645120 done (cumulative 3338)
perfect order 647460 done (cumulative 3339)
perfect order 665280 done (cumulative 3340)
perfect order 673920 done (cumulative 3341)
perfect order 675840 done (cumulative 3344)
perfect order 677376 done (cumulative 3346)
perfect order 685440 done (cumulative 3347)
perfect order 688128 done (cumulative 3855)
perfect order 691200 done (cumulative 3878)
perfect order 693120 done (cumulative 3881)
perfect order 699840 done (cumulative 3883)
perfect order 704880 done (cumulative 3884)
perfect order 712800 done (cumulative 3885)
perfect order 720720 done (cumulative 3886)
perfect order 721392 done (cumulative 3887)
perfect order 725760 done (cumulative 3889)
perfect order 728640 done (cumulative 3892)
perfect order 729000 done (cumulative 3895)
perfect order 730800 done (cumulative 3896)
perfect order 733824 done (cumulative 3897)
perfect order 734832 done (cumulative 3900)
perfect order 737280 done (cumulative 3954)
perfect order 748920 done (cumulative 3955)
perfect order 768000 done (cumulative 3968)
perfect order 774144 done (cumulative 3970)
perfect order 777600 done (cumulative 3975)
perfect order 786240 done (cumulative 3978)
perfect order 787320 done (cumulative 3994)
perfect order 806736 done (cumulative 3996)
perfect order 816480 done (cumulative 3998)
perfect order 820800 done (cumulative 3999)
perfect order 822528 done (cumulative 4002)
perfect order 823080 done (cumulative 4004)
perfect order 846720 done (cumulative 4007)
perfect order 864000 done (cumulative 4010)
perfect order 871200 done (cumulative 4013)
perfect order 874800 done (cumulative 4014)
perfect order 878460 done (cumulative 4017)
perfect order 881280 done (cumulative 4018)
perfect order 885720 done (cumulative 4019)
perfect order 887040 done (cumulative 4022)
perfect order 892800 done (cumulative 4023)
perfect order 900000 done (cumulative 4030)
perfect order 903168 done (cumulative 4036)
perfect order 907200 done (cumulative 4040)
perfect order 912576 done (cumulative 4041)
perfect order 921600 done (cumulative 4064)
perfect order 921984 done (cumulative 4072)
perfect order 929280 done (cumulative 4074)
perfect order 933120 done (cumulative 4095)
perfect order 936000 done (cumulative 4098)
perfect order 937500 done (cumulative 4106)
perfect order 943488 done (cumulative 4107)
perfect order 950400 done (cumulative 4109)
perfect order 950520 done (cumulative 4110)
perfect order 960000 done (cumulative 4122)
perfect order 962280 done (cumulative 4123)
perfect order 967680 done (cumulative 4143)
perfect order 976500 done (cumulative 4144)
perfect order 979200 done (cumulative 4145)
perfect order 979776 done (cumulative 4149)
perfect order 983040 done (cumulative 6029)
perfect order 987840 done (cumulative 6030)
perfect order 1008000 done (cumulative 6031)
perfect order 1008420 done (cumulative 6032)
perfect order 1016064 done (cumulative 6033)
perfect order 1020096 done (cumulative 6034)
perfect order 1024128 done (cumulative 6035)
perfect order 1030200 done (cumulative 6036)
perfect order 1036800 done (cumulative 6039)
perfect order 1044480 done (cumulative 6043)
perfect order 1048320 done (cumulative 6045)
perfect order 1053696 done (cumulative 6054)
perfect order 1080000 done (cumulative 6055)
perfect order 1083000 done (cumulative 6056)
perfect order 1088640 done (cumulative 6057)
perfect order 1092624 done (cumulative 6058)
perfect order 1100736 done (cumulative 6059)
perfect order 1102248 done (cumulative 6062)
perfect order 1105920 done (cumulative 6111)
perfect order 1123980 done (cumulative 6112)
perfect order 1125000 done (cumulative 6113)
perfect order 1149120 done (cumulative 6116)
perfect order 1166400 done (cumulative 6120)
perfect order 1176120 done (cumulative 6123)
perfect order 1179360 done (cumulative 6127)
perfect order 1180980 done (cumulative 6141)
perfect order 1192464 done (cumulative 6142)
perfect order 1200000 done (cumulative 6159)
perfect order 1209600 done (cumulative 6167)
perfect order 1215000 done (cumulative 6176)
perfect order 1224120 done (cumulative 6177)
perfect order 1224936 done (cumulative 6178)
perfect order 1231200 done (cumulative 6179)
perfect order 1233792 done (cumulative 6180)
perfect order 1244160 done (cumulative 6195)
perfect order 1253376 done (cumulative 6199)
perfect order 1260000 done (cumulative 6201)
perfect order 1267200 done (cumulative 6216)
perfect order 1270080 done (cumulative 6218)
perfect order 1277760 done (cumulative 6220)
perfect order 1285608 done (cumulative 6221)
perfect order 1290240 done (cumulative 6309)
perfect order 1294920 done (cumulative 6310)
perfect order 1296000 done (cumulative 6311)
perfect order 1310400 done (cumulative 6312)
perfect order 1330560 done (cumulative 6314)
perfect order 1342740 done (cumulative 6315)
perfect order 1350000 done (cumulative 6316)
perfect order 1351680 done (cumulative 6324)
perfect order 1354752 done (cumulative 6327)
perfect order 1370880 done (cumulative 6328)
Error, 

For reasons of size, the perfect groups library for orders >10^6 is
not distributed fully by default. To access the group requested, get
the file perf27.grp from
https://github.com/hulpke/extraperfect
and put it in the `grp` subdirectory of your GAP installation. Then type 

return;

to continue in this GAP session (which will read in the file).


 at <LOCAL_GAP_ROOT>/grp/perf.grp:51 called from
PerfGrpLoad( sz[1] 
 ) at <LOCAL_GAP_ROOT>/grp/perf.grp:466 called from
PerfectGroup( IsPermGroup, n, i 
 ) at <LOCAL_PROJECT_ROOT>/sweepB_perfect.g:15 called from
CALL_WITH_CATCH( function (  )
      local G, t;
      G := PerfectGroup( IsPermGroup, n, i );
      t := KourovkaTest( G );
      return t = true;
  end, [  ] 
 ) at <LOCAL_PROJECT_ROOT>/sweepB_perfect.g:18 called from
<function "unknown">( <arguments> )
 called from read-eval loop at <LOCAL_PROJECT_ROOT>/sweepB_perfect.g:31
you can 'quit;' to quit to outer loop, or
you can 'return;' to continue
[1m[34m[0m[31m
